// Jest Snapshot v1, https://goo.gl/fbAQLP

exports[`PullDown renders correctly and matches snapshot 1`] = `
<div
  id="pull-down"
  style={
    Object {
      "background": "#fff",
      "boxSizing": "border-box",
      "color": "#555",
      "height": "50px",
      "textAlign": "center",
      "transition": "height",
      "width": "100%",
      "zIndex": "10",
    }
  }
>
  <div
    style={
      Object {
        "height": "100%",
        "overflow": "hidden",
        "position": "relative",
      }
    }
  >
    <svg
      height="24"
      style={
        Object {
          "bottom": "10px",
          "position": "absolute",
        }
      }
      viewBox="0 0 24 24"
      width="24"
    >
      <path
        d="M0 0h24v24H0V0z"
        fill="none"
      />
      <path
        d="M7.41 8.59L12 13.17l4.59-4.58L18 10l-6 6-6-6 1.41-1.41z"
      />
    </svg>
  </div>
</div>
`;
